/home/arzwa/coffee/ale-out.1/
/home/arzwa/coffee/ale-out.1/OG0003873.fasta.nex.treesample.ale
/home/arzwa/coffee/ale-out.1/OG0004990.fasta.nex.treesample.ale
/home/arzwa/coffee/ale-out.1/OG0012443.fasta.nex.treesample.ale
/home/arzwa/coffee/ale-out.1/OG0002119.fasta.nex.treesample.ale
/home/arzwa/coffee/ale-out.1/OG0006115.fasta.nex.treesample.ale
/home/arzwa/coffee/ale-out.1/OG0008469.fasta.nex.treesample.ale
/home/arzwa/coffee/ale-out.1/OG0003098.fasta.nex.treesample.ale
/home/arzwa/coffee/ale-out.1/OG0000863.fasta.nex.treesample.ale
/home/arzwa/coffee/ale-out.1/OG0012233.fasta.nex.treesample.ale
/home/arzwa/coffee/ale-out.1/OG0012023.fasta.nex.treesample.ale
/home/arzwa/coffee/ale-out.1/OG0013682.fasta.nex.treesample.ale
/home/arzwa/coffee/ale-out.1/OG0002535.fasta.nex.treesample.ale
/home/arzwa/coffee/ale-out.1/OG0014692.fasta.nex.treesample.ale
/home/arzwa/coffee/ale-out.1/OG0004934.fasta.nex.treesample.ale
/home/arzwa/coffee/ale-out.1/OG0004822.fasta.nex.treesample.ale
/home/arzwa/coffee/ale-out.1/OG0003396.fasta.nex.treesample.ale
/home/arzwa/coffee/ale-out.1/OG0012550.fasta.nex.treesample.ale
/home/arzwa/coffee/ale-out.1/OG0015951.fasta.nex.treesample.ale
/home/arzwa/coffee/ale-out.1/OG0006133.fasta.nex.treesample.ale
